<!doctype html><html lang="en"><head><meta charset="utf-8"/><meta http-equiv="Content-Type" content="text/html; charset=utf-8"/><meta name="language" content="English"/><meta http-equiv="X-UA-Compatible" content="IE=edge"/><meta name="viewport" content="minimum-scale=1,initial-scale=1,width=device-width,shrink-to-fit=no"/><title>webpack test</title><script defer="defer">(()=>{"use strict";const e=new Blob(["onmessage = function (event) {\n  const workerResult = { timestamp: Date.now(), ...event.data };\n\n  workerResult.onmessage = true;\n\n  postMessage(workerResult);\n};\n"]),t=window.URL.createObjectURL(e),n=new Worker(t);let s;n.onmessage=function(e){s||(s=document.createElement("div"),s.setAttribute("id","result"),document.body.append(s));const t=document.createElement("pre");t.innerHTML=JSON.stringify(e.data),s.append(t)},window.addEventListener("load",(()=>{document.getElementById("button").addEventListener("click",(()=>{n.postMessage({postMessage:!0})}))}))})();</script></head><body><p>This is minimal code to demonstrate webpack usage</p><button id="button">Run Action</button></body></html>