<!doctype html><html lang="en"><head><meta charset="utf-8"/><meta http-equiv="Content-Type" content="text/html; charset=utf-8"/><meta name="language" content="English"/><meta http-equiv="X-UA-Compatible" content="IE=edge"/><meta name="viewport" content="minimum-scale=1,initial-scale=1,width=device-width,shrink-to-fit=no"/><title>webpack test</title><script defer="defer">(()=>{var e={377:()=>{console.log("Hello world")}},r={};function o(t){var n=r[t];if(void 0!==n)return n.exports;var a=r[t]={exports:{}};return e[t](a,a.exports,o),a.exports}o.n=e=>{var r=e&&e.__esModule?()=>e.default:()=>e;return o.d(r,{a:r}),r},o.d=(e,r)=>{for(var t in r)o.o(r,t)&&!o.o(e,t)&&Object.defineProperty(e,t,{enumerable:!0,get:r[t]})},o.o=(e,r)=>Object.prototype.hasOwnProperty.call(e,r),(()=>{"use strict";o(377)})()})();</script></head><body><p>This is minimal code to demonstrate webpack usage</p></body></html>