<!doctype html><html lang="en"><head><meta charset="utf-8"/><meta http-equiv="Content-Type" content="text/html; charset=utf-8"/><meta name="language" content="English"/><meta http-equiv="X-UA-Compatible" content="IE=edge"/><meta name="viewport" content="minimum-scale=1,initial-scale=1,width=device-width,shrink-to-fit=no"/><title>webpack test</title><script defer="defer">(()=>{var e={m:{},u:e=>"test.worker.js",o:(e,t)=>Object.prototype.hasOwnProperty.call(e,t),p:"./"};e.b=document.baseURI||self.location.href;const t=new Worker(new URL(e.p+e.u(912),e.b));let n;t.onmessage=function(e){n||(n=document.createElement("div"),n.setAttribute("id","result"),document.body.append(n));const t=document.createElement("pre");t.innerHTML=JSON.stringify(e.data),n.append(t)},window.addEventListener("load",(()=>{document.getElementById("button").addEventListener("click",(()=>{t.postMessage({postMessage:!0})}))}))})();</script></head><body><p>This is minimal code to demonstrate webpack usage</p><button id="button">Run Action</button></body></html>